// Jest Snapshot v1, https://goo.gl/fbAQLP

exports[`Button component 1`] = `
.c0 {
  min-height: 28px;
}

<button
  class="c0"
/>
`;
