// Jest Snapshot v1, https://goo.gl/fbAQLP

exports[`Select component 1`] = `
.c0 {
  border: 1px solid #ccc;
  outline: none;
  box-sizing: border-box;
  background: none;
  min-height: 28px;
}

<select
  class="c0"
/>
`;
